// Jest Snapshot v1, https://goo.gl/fbAQLP

exports[`PopularAuthorsWidget should render correctly with the expected metrics 1`] = `
<div>
  <div
    class="googlesitekit-widget googlesitekit-widget--kmAnalyticsPopularAuthors googlesitekit-widget--no-padding"
  >
    <div
      class="googlesitekit-widget__body"
    >
      <div
        class="googlesitekit-km-widget-tile googlesitekit-km-widget-tile--table"
      >
        <div
          class="googlesitekit-km-widget-tile__title-container"
        >
          <h3
            class="googlesitekit-typography googlesitekit-km-widget-tile__title googlesitekit-typography--label googlesitekit-typography--small"
          >
            Most popular authors by pageviews
          </h3>
          <span
            class="googlesitekit-info-tooltip"
            title="Authors whose posts got the most visits"
          >
            <svg />
          </span>
        </div>
        <div
          class="googlesitekit-km-widget-tile__body"
        >
          <div
            class="googlesitekit-km-widget-tile__table"
          >
            <div
              class="googlesitekit-table__body-row"
            >
              <div
                class="googlesitekit-table__body-item"
              >
                <p
                  class="googlesitekit-typography googlesitekit-km-widget-tile__table-plain-text googlesitekit-typography--body googlesitekit-typography--medium"
                >
                  User 2
                </p>
              </div>
              <div
                class="googlesitekit-table__body-item"
              >
                <strong>
                  41
                </strong>
              </div>
            </div>
            <div
              class="googlesitekit-table__body-row"
            >
              <div
                class="googlesitekit-table__body-item"
              >
                <p
                  class="googlesitekit-typography googlesitekit-km-widget-tile__table-plain-text googlesitekit-typography--body googlesitekit-typography--medium"
                >
                  User 3
                </p>
              </div>
              <div
                class="googlesitekit-table__body-item"
              >
                <strong>
                  8
                </strong>
              </div>
            </div>
            <div
              class="googlesitekit-table__body-row"
            >
              <div
                class="googlesitekit-table__body-item"
              >
                <p
                  class="googlesitekit-typography googlesitekit-km-widget-tile__table-plain-text googlesitekit-typography--body googlesitekit-typography--medium"
                >
                  User 1
                </p>
              </div>
              <div
                class="googlesitekit-table__body-item"
              >
                <strong>
                  4
                </strong>
              </div>
            </div>
          </div>
        </div>
      </div>
    </div>
  </div>
</div>
`;

exports[`PopularAuthorsWidget should render the custom dimension error when there is an error creating the custom dimension 1`] = `
<div>
  <div
    class="googlesitekit-km-widget-tile--error"
  >
    <div
      class="googlesitekit-cta googlesitekit-cta--error"
    >
      <div
        class="googlesitekit-cta__header"
      >
        <h2
          class="googlesitekit-typography googlesitekit-cta__header_text googlesitekit-typography--label googlesitekit-typography--small"
        >
          Most popular authors by pageviews
        </h2>
        <span
          class="googlesitekit-info-tooltip"
          title="Authors whose posts got the most visits"
        >
          <svg />
        </span>
      </div>
      <div
        class="googlesitekit-cta__body"
      >
        <h3
          class="googlesitekit-typography googlesitekit-cta__title googlesitekit-typography--title googlesitekit-typography--small"
        >
          Insufficient permissions
        </h3>
        
        
        
        
        <div
          class="googlesitekit-report-error-actions"
        >
          <span
            class="googlesitekit-error-retry-text"
          >
            Permissions updated? 
            <button
              class="googlesitekit-cta-link"
            >
              <span
                class="googlesitekit-cta-link__contents"
              >
                Retry
              </span>
            </button>
          </span>
          <span
            class="googlesitekit-error-retry-text"
          >
            Youâ€™ll need to contact your administrator. 
            <a
              aria-label="Learn more (opens in a new tab)"
              class="googlesitekit-cta-link"
              href="undefined?error_id=analytics-4_insufficient_permissions"
              rel="noopener noreferrer"
              target="_blank"
            >
              <span
                class="googlesitekit-cta-link__contents"
              >
                Learn more
              </span>
            </a>
          </span>
        </div>
      </div>
    </div>
  </div>
</div>
`;

exports[`PopularAuthorsWidget should render the generic error variant when the report fetch fails 1`] = `
<div>
  <div
    class="googlesitekit-km-widget-tile--error"
  >
    <div
      class="googlesitekit-cta googlesitekit-cta--error"
    >
      <div
        class="googlesitekit-cta__header"
      >
        <h2
          class="googlesitekit-typography googlesitekit-cta__header_text googlesitekit-typography--label googlesitekit-typography--small"
        >
          Most popular authors by pageviews
        </h2>
        <span
          class="googlesitekit-info-tooltip"
          title="Authors whose posts got the most visits"
        >
          <svg />
        </span>
      </div>
      <div
        class="googlesitekit-cta__body"
      >
        <h3
          class="googlesitekit-typography googlesitekit-cta__title googlesitekit-typography--title googlesitekit-typography--small"
        >
          Data loading failed
        </h3>
        
        
        
        
        <div
          class="googlesitekit-report-error-actions"
        >
          <div
            class="googlesitekit-error-retry-text"
          >
            <a
              aria-label="Get help (opens in a new tab)"
              class="googlesitekit-cta-link"
              href="undefined?error_id=internal_server_error"
              rel="noopener noreferrer"
              target="_blank"
            >
              <span
                class="googlesitekit-cta-link__contents"
              >
                Get help
              </span>
            </a>
          </div>
        </div>
      </div>
    </div>
  </div>
</div>
`;

exports[`PopularAuthorsWidget should render the insufficient permissions error variant when the report fetch fails 1`] = `
<div>
  <div
    class="googlesitekit-km-widget-tile--error"
  >
    <div
      class="googlesitekit-cta googlesitekit-cta--error"
    >
      <div
        class="googlesitekit-cta__header"
      >
        <h2
          class="googlesitekit-typography googlesitekit-cta__header_text googlesitekit-typography--label googlesitekit-typography--small"
        >
          Most popular authors by pageviews
        </h2>
        <span
          class="googlesitekit-info-tooltip"
          title="Authors whose posts got the most visits"
        >
          <svg />
        </span>
      </div>
      <div
        class="googlesitekit-cta__body"
      >
        <h3
          class="googlesitekit-typography googlesitekit-cta__title googlesitekit-typography--title googlesitekit-typography--small"
        >
          Insufficient permissions
        </h3>
        
        
        
        
        <div
          class="googlesitekit-report-error-actions"
        >
          <div
            class="googlesitekit-error-retry-text"
          >
            Trouble getting access? 
            <a
              aria-label="Get help (opens in a new tab)"
              class="googlesitekit-cta-link"
              href="undefined?error_id=analytics-4_insufficient_permissions"
              rel="noopener noreferrer"
              target="_blank"
            >
              <span
                class="googlesitekit-cta-link__contents"
              >
                Get help
              </span>
            </a>
          </div>
        </div>
      </div>
    </div>
  </div>
</div>
`;

exports[`PopularAuthorsWidget should render the loading state while resolving the report 1`] = `
<div>
  <div
    class="googlesitekit-widget googlesitekit-widget--kmAnalyticsPopularAuthors googlesitekit-widget--no-padding"
  >
    <div
      class="googlesitekit-widget__body"
    >
      <div
        class="googlesitekit-km-widget-tile googlesitekit-km-widget-tile--table"
      >
        <div
          class="googlesitekit-km-widget-tile__title-container"
        >
          <h3
            class="googlesitekit-typography googlesitekit-km-widget-tile__title googlesitekit-typography--label googlesitekit-typography--small"
          >
            Most popular authors by pageviews
          </h3>
          <span
            class="screen-reader-text"
          >
            <span
              class="googlesitekit-info-tooltip"
              title="Authors whose posts got the most visits"
            >
              <svg />
            </span>
          </span>
        </div>
        <div
          class="googlesitekit-km-widget-tile__body"
        >
          <div
            class="googlesitekit-km-widget-tile__loading"
          >
            <div
              class="googlesitekit-preview-block googlesitekit-km-widget-tile__loading-header"
              style="width: 100%; height: 14px;"
            >
              <div
                class="googlesitekit-preview-block__wrapper"
              />
            </div>
            <div
              class="googlesitekit-preview-block googlesitekit-km-widget-tile__loading-body"
              style="width: 100%; height: 53px;"
            >
              <div
                class="googlesitekit-preview-block__wrapper"
              />
            </div>
          </div>
        </div>
      </div>
    </div>
  </div>
</div>
`;

exports[`PopularAuthorsWidget should render the missing custom dimension error when the required custom dimension is not available 1`] = `
<div>
  <div
    class="googlesitekit-km-widget-tile--error"
  >
    <div
      class="googlesitekit-cta googlesitekit-cta--error"
    >
      <div
        class="googlesitekit-cta__header"
      >
        <h2
          class="googlesitekit-typography googlesitekit-cta__header_text googlesitekit-typography--label googlesitekit-typography--small"
        >
          Most popular authors by pageviews
        </h2>
        <span
          class="googlesitekit-info-tooltip"
          title="Authors whose posts got the most visits"
        >
          <svg />
        </span>
      </div>
      <div
        class="googlesitekit-cta__body"
      >
        <h3
          class="googlesitekit-typography googlesitekit-cta__title googlesitekit-typography--title googlesitekit-typography--small"
        >
          No data to show
        </h3>
        
        
        
        
        <div
          class="googlesitekit-report-error-actions"
        >
          <button
            class="mdc-button mdc-button--raised"
            target="_self"
          >
            <span
              class="mdc-button__label"
            >
              Update
            </span>
          </button>
          <span
            class="googlesitekit-error-retry-text"
          >
            Update Analytics to track metric
          </span>
        </div>
      </div>
    </div>
  </div>
</div>
`;
