// Jest Snapshot v1, https://goo.gl/fbAQLP

exports[`TopConvertingTrafficSourceWidget renders correctly with no data in the comparison date range 1`] = `
<div>
  <div
    class="googlesitekit-widget googlesitekit-widget--kmAnalyticsTopConvertingTrafficSource googlesitekit-widget--no-padding"
  >
    <div
      class="googlesitekit-widget__body"
    >
      <div
        class="googlesitekit-km-widget-tile googlesitekit-km-widget-tile--text"
      >
        <div
          class="googlesitekit-km-widget-tile__title-container"
        >
          <h3
            class="googlesitekit-km-widget-tile__title"
          >
            Top converting traffic source
          </h3>
          <span
            class="googlesitekit-info-tooltip"
            title="Channel (e.g. social, paid, search) that brought in visitors who generated the most key events"
          >
            <svg />
          </span>
        </div>
        <div
          class="googlesitekit-km-widget-tile__body"
        >
          <div
            class="googlesitekit-km-widget-tile__metric-container"
          >
            <div
              class="googlesitekit-km-widget-tile__metric"
            >
              Organic Search
            </div>
            <p
              class="googlesitekit-km-widget-tile__subtext"
            >
              54.9% of visits led to key events
            </p>
          </div>
          <div
            class="googlesitekit-km-widget-tile__metric-change-container"
          >
            <div
              class="googlesitekit-change-badge"
            >
              +54.9%
            </div>
          </div>
        </div>
      </div>
    </div>
  </div>
</div>
`;

exports[`TopConvertingTrafficSourceWidget should render correctly with the expected metrics 1`] = `
<div>
  <div
    class="googlesitekit-widget googlesitekit-widget--kmAnalyticsTopConvertingTrafficSource googlesitekit-widget--no-padding"
  >
    <div
      class="googlesitekit-widget__body"
    >
      <div
        class="googlesitekit-km-widget-tile googlesitekit-km-widget-tile--text"
      >
        <div
          class="googlesitekit-km-widget-tile__title-container"
        >
          <h3
            class="googlesitekit-km-widget-tile__title"
          >
            Top converting traffic source
          </h3>
          <span
            class="googlesitekit-info-tooltip"
            title="Channel (e.g. social, paid, search) that brought in visitors who generated the most key events"
          >
            <svg />
          </span>
        </div>
        <div
          class="googlesitekit-km-widget-tile__body"
        >
          <div
            class="googlesitekit-km-widget-tile__metric-container"
          >
            <div
              class="googlesitekit-km-widget-tile__metric"
            >
              Organic Search
            </div>
            <p
              class="googlesitekit-km-widget-tile__subtext"
            >
              54.9% of visits led to key events
            </p>
          </div>
          <div
            class="googlesitekit-km-widget-tile__metric-change-container"
          >
            <div
              class="googlesitekit-change-badge"
            >
              +40.7%
            </div>
          </div>
        </div>
      </div>
    </div>
  </div>
</div>
`;

exports[`TopConvertingTrafficSourceWidget should render the generic error variant when the report fetch fails 1`] = `
<div>
  <div
    class="googlesitekit-km-widget-tile--error"
  >
    <div
      class="googlesitekit-cta googlesitekit-cta--error"
    >
      <div
        class="googlesitekit-cta__header"
      >
        <h2
          class="googlesitekit-typography googlesitekit-cta__header_text"
        >
          Top converting traffic source
        </h2>
        <span
          class="googlesitekit-info-tooltip"
          title="Channel (e.g. social, paid, search) that brought in visitors who generated the most key events"
        >
          <svg />
        </span>
      </div>
      <div
        class="googlesitekit-cta__body"
      >
        <h3
          class="googlesitekit-cta__title"
        >
          Data loading failed
        </h3>
        
        
        
        
        <div
          class="googlesitekit-report-error-actions"
        >
          <div
            class="googlesitekit-error-retry-text"
          >
            <a
              aria-label="Get help (opens in a new tab)"
              class="googlesitekit-cta-link"
              href="undefined?error_id=internal_server_error"
              rel="noopener noreferrer"
              target="_blank"
            >
              <span
                class="googlesitekit-cta-link__contents"
              >
                Get help
              </span>
            </a>
          </div>
        </div>
      </div>
    </div>
  </div>
</div>
`;

exports[`TopConvertingTrafficSourceWidget should render the insufficient permissions error variant when the report fetch fails 1`] = `
<div>
  <div
    class="googlesitekit-km-widget-tile--error"
  >
    <div
      class="googlesitekit-cta googlesitekit-cta--error"
    >
      <div
        class="googlesitekit-cta__header"
      >
        <h2
          class="googlesitekit-typography googlesitekit-cta__header_text"
        >
          Top converting traffic source
        </h2>
        <span
          class="googlesitekit-info-tooltip"
          title="Channel (e.g. social, paid, search) that brought in visitors who generated the most key events"
        >
          <svg />
        </span>
      </div>
      <div
        class="googlesitekit-cta__body"
      >
        <h3
          class="googlesitekit-cta__title"
        >
          Insufficient permissions
        </h3>
        
        
        
        
        <div
          class="googlesitekit-report-error-actions"
        >
          <div
            class="googlesitekit-error-retry-text"
          >
            Trouble getting access? 
            <a
              aria-label="Get help (opens in a new tab)"
              class="googlesitekit-cta-link"
              href="undefined?error_id=analytics-4_insufficient_permissions"
              rel="noopener noreferrer"
              target="_blank"
            >
              <span
                class="googlesitekit-cta-link__contents"
              >
                Get help
              </span>
            </a>
          </div>
        </div>
      </div>
    </div>
  </div>
</div>
`;

exports[`TopConvertingTrafficSourceWidget should render the loading state while resolving the report 1`] = `
<div>
  <div
    class="googlesitekit-widget googlesitekit-widget--kmAnalyticsTopConvertingTrafficSource googlesitekit-widget--no-padding"
  >
    <div
      class="googlesitekit-widget__body"
    >
      <div
        class="googlesitekit-km-widget-tile googlesitekit-km-widget-tile--text"
      >
        <div
          class="googlesitekit-km-widget-tile__title-container"
        >
          <h3
            class="googlesitekit-km-widget-tile__title"
          >
            Top converting traffic source
          </h3>
          <span
            class="screen-reader-text"
          >
            <span
              class="googlesitekit-info-tooltip"
              title="Channel (e.g. social, paid, search) that brought in visitors who generated the most key events"
            >
              <svg />
            </span>
          </span>
        </div>
        <div
          class="googlesitekit-km-widget-tile__body"
        >
          <div
            class="googlesitekit-km-widget-tile__loading"
          >
            <div
              class="googlesitekit-preview-block googlesitekit-km-widget-tile__loading-header"
              style="width: 100%; height: 14px;"
            >
              <div
                class="googlesitekit-preview-block__wrapper"
              />
            </div>
            <div
              class="googlesitekit-preview-block googlesitekit-km-widget-tile__loading-body"
              style="width: 100%; height: 53px;"
            >
              <div
                class="googlesitekit-preview-block__wrapper"
              />
            </div>
          </div>
        </div>
      </div>
    </div>
  </div>
</div>
`;
