// Jest Snapshot v1, https://goo.gl/fbAQLP

exports[`TopCitiesWidget renders correctly with the expected metrics 1`] = `
<div>
  <div
    class="googlesitekit-widget googlesitekit-widget--kmAnalyticsTopCities googlesitekit-widget--no-padding"
  >
    <div
      class="googlesitekit-widget__body"
    >
      <div
        class="googlesitekit-km-widget-tile googlesitekit-km-widget-tile--table"
      >
        <div
          class="googlesitekit-km-widget-tile__title-container"
        >
          <h3
            class="googlesitekit-km-widget-tile__title"
          >
            Top cities driving traffic
          </h3>
          <span
            class="googlesitekit-info-tooltip"
            title="The cities where most of your visitors came from"
          >
            <svg />
          </span>
        </div>
        <div
          class="googlesitekit-km-widget-tile__body"
        >
          <div
            class="googlesitekit-km-widget-tile__table"
          >
            <div
              class="googlesitekit-table__body-row"
            >
              <div
                class="googlesitekit-table__body-item"
              >
                <p
                  class="googlesitekit-km-widget-tile__table-plain-text"
                >
                  Dublin
                </p>
              </div>
              <div
                class="googlesitekit-table__body-item"
              >
                <strong>
                  1,833.3%
                </strong>
              </div>
            </div>
            <div
              class="googlesitekit-table__body-row"
            >
              <div
                class="googlesitekit-table__body-item"
              >
                <p
                  class="googlesitekit-km-widget-tile__table-plain-text"
                >
                  New York
                </p>
              </div>
              <div
                class="googlesitekit-table__body-item"
              >
                <strong>
                  433.3%
                </strong>
              </div>
            </div>
            <div
              class="googlesitekit-table__body-row"
            >
              <div
                class="googlesitekit-table__body-item"
              >
                <p
                  class="googlesitekit-km-widget-tile__table-plain-text"
                >
                  Cork
                </p>
              </div>
              <div
                class="googlesitekit-table__body-item"
              >
                <strong>
                  100%
                </strong>
              </div>
            </div>
          </div>
        </div>
      </div>
    </div>
  </div>
</div>
`;
