// Vitest Snapshot v1, https://vitest.dev/guide/snapshot.html

exports[`TopReturningVisitorPages > should render correctly with the expected metrics 1`] = `
<div>
  <div
    class="googlesitekit-widget googlesitekit-widget--kmAnalyticsTopReturningVisitorPages googlesitekit-widget--no-padding"
  >
    <div
      class="googlesitekit-widget__body"
    >
      <div
        class="googlesitekit-km-widget-tile googlesitekit-km-widget-tile--table"
      >
        <div
          class="googlesitekit-km-widget-tile__title-container"
        >
          <h3
            class="googlesitekit-typography googlesitekit-km-widget-tile__title googlesitekit-typography--label googlesitekit-typography--small"
          >
            Top pages by returning visitors
          </h3>
          <span
            class="googlesitekit-info-tooltip"
            title="Pages that attracted the most returning visitors"
          >
            <svg />
          </span>
        </div>
        <div
          class="googlesitekit-km-widget-tile__body"
        >
          <div
            class="googlesitekit-km-widget-tile__table"
          >
            <div
              class="googlesitekit-table__body-row"
            >
              <div
                class="googlesitekit-table__body-item"
              >
                <a
                  aria-label="Test Post 2 (opens in a new tab)"
                  class="googlesitekit-cta-link"
                  href=""
                  rel="noopener noreferrer"
                  target="_blank"
                  title="Test Post 2"
                >
                  <span
                    class="googlesitekit-cta-link__contents"
                  >
                    Test Post 2
                  </span>
                </a>
              </div>
              <div
                class="googlesitekit-table__body-item"
              >
                <strong>
                  81
                </strong>
              </div>
            </div>
            <div
              class="googlesitekit-table__body-row"
            >
              <div
                class="googlesitekit-table__body-item"
              >
                <a
                  aria-label="Test Post 3 (opens in a new tab)"
                  class="googlesitekit-cta-link"
                  href=""
                  rel="noopener noreferrer"
                  target="_blank"
                  title="Test Post 3"
                >
                  <span
                    class="googlesitekit-cta-link__contents"
                  >
                    Test Post 3
                  </span>
                </a>
              </div>
              <div
                class="googlesitekit-table__body-item"
              >
                <strong>
                  74
                </strong>
              </div>
            </div>
            <div
              class="googlesitekit-table__body-row"
            >
              <div
                class="googlesitekit-table__body-item"
              >
                <a
                  aria-label="Test Post 1 (opens in a new tab)"
                  class="googlesitekit-cta-link"
                  href=""
                  rel="noopener noreferrer"
                  target="_blank"
                  title="Test Post 1"
                >
                  <span
                    class="googlesitekit-cta-link__contents"
                  >
                    Test Post 1
                  </span>
                </a>
              </div>
              <div
                class="googlesitekit-table__body-item"
              >
                <strong>
                  67
                </strong>
              </div>
            </div>
          </div>
        </div>
      </div>
    </div>
  </div>
</div>
`;

exports[`TopReturningVisitorPages should render correctly with the expected metrics 1`] = `
<div>
  <div
    class="googlesitekit-widget googlesitekit-widget--kmAnalyticsTopReturningVisitorPages googlesitekit-widget--no-padding"
  >
    <div
      class="googlesitekit-widget__body"
    >
      <div
        class="googlesitekit-km-widget-tile googlesitekit-km-widget-tile--table"
      >
        <div
          class="googlesitekit-km-widget-tile__title-container"
        >
          <h3
            class="googlesitekit-typography googlesitekit-km-widget-tile__title googlesitekit-typography--label googlesitekit-typography--small"
          >
            Top pages by returning visitors
          </h3>
          <span
            class="googlesitekit-info-tooltip"
            title="Pages that attracted the most returning visitors"
          >
            <svg />
          </span>
        </div>
        <div
          class="googlesitekit-km-widget-tile__body"
        >
          <div
            class="googlesitekit-km-widget-tile__table"
          >
            <div
              class="googlesitekit-table__body-row"
            >
              <div
                class="googlesitekit-table__body-item"
              >
                <a
                  aria-label="Test Post 2 (opens in a new tab)"
                  class="googlesitekit-cta-link"
                  href=""
                  rel="noopener noreferrer"
                  target="_blank"
                  title="Test Post 2"
                >
                  <span
                    class="googlesitekit-cta-link__contents"
                  >
                    Test Post 2
                  </span>
                </a>
              </div>
              <div
                class="googlesitekit-table__body-item"
              >
                <strong>
                  81
                </strong>
              </div>
            </div>
            <div
              class="googlesitekit-table__body-row"
            >
              <div
                class="googlesitekit-table__body-item"
              >
                <a
                  aria-label="Test Post 3 (opens in a new tab)"
                  class="googlesitekit-cta-link"
                  href=""
                  rel="noopener noreferrer"
                  target="_blank"
                  title="Test Post 3"
                >
                  <span
                    class="googlesitekit-cta-link__contents"
                  >
                    Test Post 3
                  </span>
                </a>
              </div>
              <div
                class="googlesitekit-table__body-item"
              >
                <strong>
                  74
                </strong>
              </div>
            </div>
            <div
              class="googlesitekit-table__body-row"
            >
              <div
                class="googlesitekit-table__body-item"
              >
                <a
                  aria-label="Test Post 1 (opens in a new tab)"
                  class="googlesitekit-cta-link"
                  href=""
                  rel="noopener noreferrer"
                  target="_blank"
                  title="Test Post 1"
                >
                  <span
                    class="googlesitekit-cta-link__contents"
                  >
                    Test Post 1
                  </span>
                </a>
              </div>
              <div
                class="googlesitekit-table__body-item"
              >
                <strong>
                  67
                </strong>
              </div>
            </div>
          </div>
        </div>
      </div>
    </div>
  </div>
</div>
`;

exports[`TopReturningVisitorPages should render the generic error variant when the report fetch fails 1`] = `
<div>
  <div
    class="googlesitekit-km-widget-tile--error"
  >
    <div
      class="googlesitekit-cta googlesitekit-cta--error"
    >
      <div
        class="googlesitekit-cta__header"
      >
        <h2
          class="googlesitekit-typography googlesitekit-cta__header_text googlesitekit-typography--label googlesitekit-typography--small"
        >
          Top pages by returning visitors
        </h2>
        <span
          class="googlesitekit-info-tooltip"
          title="Pages that attracted the most returning visitors"
        >
          <svg />
        </span>
      </div>
      <div
        class="googlesitekit-cta__body"
      >
        <h3
          class="googlesitekit-typography googlesitekit-cta__title googlesitekit-typography--title googlesitekit-typography--small"
        >
          Data loading failed
        </h3>
        
        
        
        
        <div
          class="googlesitekit-report-error-actions"
        >
          <div
            class="googlesitekit-error-retry-text"
          >
            <a
              aria-label="Get help (opens in a new tab)"
              class="googlesitekit-cta-link"
              href="undefined?error_id=internal_server_error"
              rel="noopener noreferrer"
              target="_blank"
            >
              <span
                class="googlesitekit-cta-link__contents"
              >
                Get help
              </span>
            </a>
          </div>
        </div>
      </div>
    </div>
  </div>
</div>
`;

exports[`TopReturningVisitorPages should render the insufficient permissions error variant when the report fetch fails 1`] = `
<div>
  <div
    class="googlesitekit-km-widget-tile--error"
  >
    <div
      class="googlesitekit-cta googlesitekit-cta--error"
    >
      <div
        class="googlesitekit-cta__header"
      >
        <h2
          class="googlesitekit-typography googlesitekit-cta__header_text googlesitekit-typography--label googlesitekit-typography--small"
        >
          Top pages by returning visitors
        </h2>
        <span
          class="googlesitekit-info-tooltip"
          title="Pages that attracted the most returning visitors"
        >
          <svg />
        </span>
      </div>
      <div
        class="googlesitekit-cta__body"
      >
        <h3
          class="googlesitekit-typography googlesitekit-cta__title googlesitekit-typography--title googlesitekit-typography--small"
        >
          Insufficient permissions
        </h3>
        
        
        
        
        <div
          class="googlesitekit-report-error-actions"
        >
          <div
            class="googlesitekit-error-retry-text"
          >
            Trouble getting access? 
            <a
              aria-label="Get help (opens in a new tab)"
              class="googlesitekit-cta-link"
              href="undefined?error_id=analytics-4_insufficient_permissions"
              rel="noopener noreferrer"
              target="_blank"
            >
              <span
                class="googlesitekit-cta-link__contents"
              >
                Get help
              </span>
            </a>
          </div>
        </div>
      </div>
    </div>
  </div>
</div>
`;

exports[`TopReturningVisitorPages should render the loading state while resolving the report 1`] = `
<div>
  <div
    class="googlesitekit-widget googlesitekit-widget--kmAnalyticsTopReturningVisitorPages googlesitekit-widget--no-padding"
  >
    <div
      class="googlesitekit-widget__body"
    >
      <div
        class="googlesitekit-km-widget-tile googlesitekit-km-widget-tile--table"
      >
        <div
          class="googlesitekit-km-widget-tile__title-container"
        >
          <h3
            class="googlesitekit-typography googlesitekit-km-widget-tile__title googlesitekit-typography--label googlesitekit-typography--small"
          >
            Top pages by returning visitors
          </h3>
          <span
            class="screen-reader-text"
          >
            <span
              class="googlesitekit-info-tooltip"
              title="Pages that attracted the most returning visitors"
            >
              <svg />
            </span>
          </span>
        </div>
        <div
          class="googlesitekit-km-widget-tile__body"
        >
          <div
            class="googlesitekit-km-widget-tile__loading"
          >
            <div
              class="googlesitekit-preview-block googlesitekit-km-widget-tile__loading-header"
              style="width: 100%; height: 14px;"
            >
              <div
                class="googlesitekit-preview-block__wrapper"
              />
            </div>
            <div
              class="googlesitekit-preview-block googlesitekit-km-widget-tile__loading-body"
              style="width: 100%; height: 53px;"
            >
              <div
                class="googlesitekit-preview-block__wrapper"
              />
            </div>
          </div>
        </div>
      </div>
    </div>
  </div>
</div>
`;
