// Jest Snapshot v1, https://goo.gl/fbAQLP

exports[`TopTrafficSourceWidget renders correctly with no data in comparison date range 1`] = `
<div>
  <div
    class="googlesitekit-widget googlesitekit-widget--kmAnalyticsTopTrafficSource googlesitekit-widget--no-padding"
  >
    <div
      class="googlesitekit-widget__body"
    >
      <div
        class="googlesitekit-km-widget-tile googlesitekit-km-widget-tile--text"
      >
        <div
          class="googlesitekit-km-widget-tile__title-container"
        >
          <h3
            class="googlesitekit-typography googlesitekit-km-widget-tile__title googlesitekit-typography--label googlesitekit-typography--small"
          >
            Top traffic source
          </h3>
          <span
            class="googlesitekit-info-tooltip"
            title="Channel (e.g. social, paid, search) that brought in the most visitors to your site"
          >
            <svg />
          </span>
        </div>
        <div
          class="googlesitekit-km-widget-tile__body"
        >
          <div
            class="googlesitekit-km-widget-tile__metric-container"
          >
            <div
              class="googlesitekit-km-widget-tile__metric"
            >
              Organic Search
            </div>
            <p
              class="googlesitekit-km-widget-tile__subtext"
            >
              100% of total traffic
            </p>
          </div>
          <div
            class="googlesitekit-km-widget-tile__metric-change-container"
          >
            <div
              class="googlesitekit-change-badge"
            >
              +100%
            </div>
          </div>
        </div>
      </div>
    </div>
  </div>
</div>
`;

exports[`TopTrafficSourceWidget should render correctly with the expected metrics 1`] = `
<div>
  <div
    class="googlesitekit-widget googlesitekit-widget--kmAnalyticsTopTrafficSource googlesitekit-widget--no-padding"
  >
    <div
      class="googlesitekit-widget__body"
    >
      <div
        class="googlesitekit-km-widget-tile googlesitekit-km-widget-tile--text"
      >
        <div
          class="googlesitekit-km-widget-tile__title-container"
        >
          <h3
            class="googlesitekit-typography googlesitekit-km-widget-tile__title googlesitekit-typography--label googlesitekit-typography--small"
          >
            Top traffic source
          </h3>
          <span
            class="googlesitekit-info-tooltip"
            title="Channel (e.g. social, paid, search) that brought in the most visitors to your site"
          >
            <svg />
          </span>
        </div>
        <div
          class="googlesitekit-km-widget-tile__body"
        >
          <div
            class="googlesitekit-km-widget-tile__metric-container"
          >
            <div
              class="googlesitekit-km-widget-tile__metric"
            >
              Organic Search
            </div>
            <p
              class="googlesitekit-km-widget-tile__subtext"
            >
              100% of total traffic
            </p>
          </div>
          <div
            class="googlesitekit-km-widget-tile__metric-change-container"
          >
            <div
              class="googlesitekit-change-badge googlesitekit-change-badge--zero"
            >
              0%
            </div>
          </div>
        </div>
      </div>
    </div>
  </div>
</div>
`;

exports[`TopTrafficSourceWidget should render the generic error variant when the report fetch fails 1`] = `
<div>
  <div
    class="googlesitekit-km-widget-tile--error"
  >
    <div
      class="googlesitekit-cta googlesitekit-cta--error"
    >
      <div
        class="googlesitekit-cta__header"
      >
        <h2
          class="googlesitekit-typography googlesitekit-cta__header_text googlesitekit-typography--label googlesitekit-typography--small"
        >
          Top traffic source
        </h2>
        <span
          class="googlesitekit-info-tooltip"
          title="Channel (e.g. social, paid, search) that brought in the most visitors to your site"
        >
          <svg />
        </span>
      </div>
      <div
        class="googlesitekit-cta__body"
      >
        <h3
          class="googlesitekit-typography googlesitekit-cta__title googlesitekit-typography--title googlesitekit-typography--small"
        >
          Data loading failed
        </h3>
        
        
        
        
        <div
          class="googlesitekit-report-error-actions"
        >
          <div
            class="googlesitekit-error-retry-text"
          >
            <a
              aria-label="Get help (opens in a new tab)"
              class="googlesitekit-cta-link"
              href="undefined?error_id=internal_server_error"
              rel="noopener noreferrer"
              target="_blank"
            >
              <span
                class="googlesitekit-cta-link__contents"
              >
                Get help
              </span>
            </a>
          </div>
        </div>
      </div>
    </div>
  </div>
</div>
`;

exports[`TopTrafficSourceWidget should render the insufficient permissions error variant when the report fetch fails 1`] = `
<div>
  <div
    class="googlesitekit-km-widget-tile--error"
  >
    <div
      class="googlesitekit-cta googlesitekit-cta--error"
    >
      <div
        class="googlesitekit-cta__header"
      >
        <h2
          class="googlesitekit-typography googlesitekit-cta__header_text googlesitekit-typography--label googlesitekit-typography--small"
        >
          Top traffic source
        </h2>
        <span
          class="googlesitekit-info-tooltip"
          title="Channel (e.g. social, paid, search) that brought in the most visitors to your site"
        >
          <svg />
        </span>
      </div>
      <div
        class="googlesitekit-cta__body"
      >
        <h3
          class="googlesitekit-typography googlesitekit-cta__title googlesitekit-typography--title googlesitekit-typography--small"
        >
          Insufficient permissions
        </h3>
        
        
        
        
        <div
          class="googlesitekit-report-error-actions"
        >
          <div
            class="googlesitekit-error-retry-text"
          >
            Trouble getting access? 
            <a
              aria-label="Get help (opens in a new tab)"
              class="googlesitekit-cta-link"
              href="undefined?error_id=analytics-4_insufficient_permissions"
              rel="noopener noreferrer"
              target="_blank"
            >
              <span
                class="googlesitekit-cta-link__contents"
              >
                Get help
              </span>
            </a>
          </div>
        </div>
      </div>
    </div>
  </div>
</div>
`;

exports[`TopTrafficSourceWidget should retry both reports when an error is encountered 1`] = `
<div>
  <div
    class="googlesitekit-km-widget-tile--error"
  >
    <div
      class="googlesitekit-cta googlesitekit-cta--error"
    >
      <div
        class="googlesitekit-cta__header"
      >
        <h2
          class="googlesitekit-typography googlesitekit-cta__header_text googlesitekit-typography--label googlesitekit-typography--small"
        >
          Top traffic source
        </h2>
        <span
          class="googlesitekit-info-tooltip"
          title="Channel (e.g. social, paid, search) that brought in the most visitors to your site"
        >
          <svg />
        </span>
      </div>
      <div
        class="googlesitekit-cta__body"
      >
        <h3
          class="googlesitekit-typography googlesitekit-cta__title googlesitekit-typography--title googlesitekit-typography--small"
        >
          Data loading failed
        </h3>
        
        
        
        
        <div
          class="googlesitekit-report-error-actions"
        >
          <button
            class="mdc-button mdc-button--raised"
            target="_self"
          >
            <span
              class="mdc-button__label"
            >
              Retry
            </span>
          </button>
          <span
            class="googlesitekit-error-retry-text"
          >
            Retry didnâ€™t work? 
            <a
              aria-label="Get help (opens in a new tab)"
              class="googlesitekit-cta-link"
              href="undefined?error_id=invalid_json"
              rel="noopener noreferrer"
              target="_blank"
            >
              <span
                class="googlesitekit-cta-link__contents"
              >
                Get help
              </span>
            </a>
          </span>
        </div>
      </div>
    </div>
  </div>
</div>
`;

exports[`TopTrafficSourceWidget should retry both reports when an error is encountered 2`] = `
<div>
  <div
    class="googlesitekit-widget googlesitekit-widget--kmAnalyticsTopTrafficSource googlesitekit-widget--no-padding"
  >
    <div
      class="googlesitekit-widget__body"
    >
      <div
        class="googlesitekit-km-widget-tile googlesitekit-km-widget-tile--text"
      >
        <div
          class="googlesitekit-km-widget-tile__title-container"
        >
          <h3
            class="googlesitekit-typography googlesitekit-km-widget-tile__title googlesitekit-typography--label googlesitekit-typography--small"
          >
            Top traffic source
          </h3>
          <span
            class="googlesitekit-info-tooltip"
            title="Channel (e.g. social, paid, search) that brought in the most visitors to your site"
          >
            <svg />
          </span>
        </div>
        <div
          class="googlesitekit-km-widget-tile__body"
        >
          <div
            class="googlesitekit-km-widget-tile__metric-container"
          >
            <div
              class="googlesitekit-km-widget-tile__metric"
            >
              Organic Search
            </div>
            <p
              class="googlesitekit-km-widget-tile__subtext"
            >
              100% of total traffic
            </p>
          </div>
          <div
            class="googlesitekit-km-widget-tile__metric-change-container"
          >
            <div
              class="googlesitekit-change-badge googlesitekit-change-badge--zero"
            >
              0%
            </div>
          </div>
        </div>
      </div>
    </div>
  </div>
</div>
`;
