// Jest Snapshot v1, https://goo.gl/fbAQLP

exports[`AudienceCreationNotice should not render the missing scope notice if the user does not have the edit scope but the notice has been dismissed 1`] = `
<div>
  <div
    class="googlesitekit-audience-selection-panel__audience-creation-notice"
  >
    <div
      class="googlesitekit-audience-selection-panel__audience-creation-notice-header"
    >
      <p
        class="googlesitekit-audience-selection-panel__audience-creation-notice-title"
      >
        Create groups suggested by Site Kit
      </p>
      <button
        class="googlesitekit-cta-link googlesitekit-audience-selection-panel__audience-creation-notice-close googlesitekit-cta-link--link-button"
      >
        <span
          class="googlesitekit-cta-link__contents"
        >
          <svg />
        </span>
      </button>
    </div>
    <div
      class="googlesitekit-audience-selection-panel__audience-creation-notice-body"
    >
      <div
        class="googlesitekit-audience-selection-panel__audience-creation-notice-audience"
      >
        <div
          class="googlesitekit-audience-selection-panel__audience-creation-notice-audience-details"
        >
          <h3>
            New visitors
          </h3>
          <p
            class="googlesitekit-audience-selection-panel__audience-creation-notice-audience-description"
          >
            People who visited the site for the first time
          </p>
        </div>
        <div
          class="googlesitekit-audience-selection-panel__audience-creation-notice-audience-button"
        >
          <button
            class="mdc-button googlesitekit-button-icon--spinner googlesitekit-button-icon--spinner__before mdc-button--raised"
            target="_self"
          >
            <span
              class="mdc-button__label"
            >
              Create
            </span>
          </button>
        </div>
      </div>
      <div
        class="googlesitekit-audience-selection-panel__audience-creation-notice-audience"
      >
        <div
          class="googlesitekit-audience-selection-panel__audience-creation-notice-audience-details"
        >
          <h3>
            Returning visitors
          </h3>
          <p
            class="googlesitekit-audience-selection-panel__audience-creation-notice-audience-description"
          >
            People who have visited your site at least once before
          </p>
        </div>
        <div
          class="googlesitekit-audience-selection-panel__audience-creation-notice-audience-button"
        >
          <button
            class="mdc-button googlesitekit-button-icon--spinner googlesitekit-button-icon--spinner__before mdc-button--raised"
            target="_self"
          >
            <span
              class="mdc-button__label"
            >
              Create
            </span>
          </button>
        </div>
      </div>
    </div>
  </div>
</div>
`;

exports[`AudienceCreationNotice should render the missing scope notice if the user does not have the edit scope 1`] = `
<div>
  <div
    class="googlesitekit-audience-selection-panel__audience-creation-notice"
  >
    <div
      class="googlesitekit-audience-selection-panel__audience-creation-notice-header"
    >
      <p
        class="googlesitekit-audience-selection-panel__audience-creation-notice-title"
      >
        Create groups suggested by Site Kit
      </p>
      <button
        class="googlesitekit-cta-link googlesitekit-audience-selection-panel__audience-creation-notice-close googlesitekit-cta-link--link-button"
      >
        <span
          class="googlesitekit-cta-link__contents"
        >
          <svg />
        </span>
      </button>
    </div>
    <div
      class="googlesitekit-audience-selection-panel__audience-creation-notice-body"
    >
      <div
        class="googlesitekit-audience-selection-panel__audience-creation-notice-audience"
      >
        <div
          class="googlesitekit-audience-selection-panel__audience-creation-notice-audience-details"
        >
          <h3>
            New visitors
          </h3>
          <p
            class="googlesitekit-audience-selection-panel__audience-creation-notice-audience-description"
          >
            People who visited the site for the first time
          </p>
        </div>
        <div
          class="googlesitekit-audience-selection-panel__audience-creation-notice-audience-button"
        >
          <button
            class="mdc-button googlesitekit-button-icon--spinner googlesitekit-button-icon--spinner__before mdc-button--raised"
            target="_self"
          >
            <span
              class="mdc-button__label"
            >
              Create
            </span>
          </button>
        </div>
      </div>
      <div
        class="googlesitekit-audience-selection-panel__audience-creation-notice-audience"
      >
        <div
          class="googlesitekit-audience-selection-panel__audience-creation-notice-audience-details"
        >
          <h3>
            Returning visitors
          </h3>
          <p
            class="googlesitekit-audience-selection-panel__audience-creation-notice-audience-description"
          >
            People who have visited your site at least once before
          </p>
        </div>
        <div
          class="googlesitekit-audience-selection-panel__audience-creation-notice-audience-button"
        >
          <button
            class="mdc-button googlesitekit-button-icon--spinner googlesitekit-button-icon--spinner__before mdc-button--raised"
            target="_self"
          >
            <span
              class="mdc-button__label"
            >
              Create
            </span>
          </button>
        </div>
      </div>
    </div>
    <div
      class="googlesitekit-audience-selection-panel__audience-creation-notice-info"
    >
      <div
        class="googlesitekit-subtle-notification googlesitekit-subtle-notification--warning"
      >
        <div
          class="googlesitekit-subtle-notification__content"
        >
          <p>
            Creating these groups require more data tracking. You will be directed to update your Analytics property.
          </p>
        </div>
        <div
          class="googlesitekit-subtle-notification__action"
        >
          <button
            class="mdc-button mdc-button--tertiary"
            target="_self"
          >
            <span
              class="mdc-button__label"
            >
              Got it
            </span>
          </button>
        </div>
      </div>
    </div>
  </div>
</div>
`;

exports[`AudienceCreationNotice should render the notice if the user has not dismissed the notice and there are 2 available audiences 1`] = `
<div>
  <div
    class="googlesitekit-audience-selection-panel__audience-creation-notice"
  >
    <div
      class="googlesitekit-audience-selection-panel__audience-creation-notice-header"
    >
      <p
        class="googlesitekit-audience-selection-panel__audience-creation-notice-title"
      >
        Create groups suggested by Site Kit
      </p>
      <button
        class="googlesitekit-cta-link googlesitekit-audience-selection-panel__audience-creation-notice-close googlesitekit-cta-link--link-button"
      >
        <span
          class="googlesitekit-cta-link__contents"
        >
          <svg />
        </span>
      </button>
    </div>
    <div
      class="googlesitekit-audience-selection-panel__audience-creation-notice-body"
    >
      <div
        class="googlesitekit-audience-selection-panel__audience-creation-notice-audience"
      >
        <div
          class="googlesitekit-audience-selection-panel__audience-creation-notice-audience-details"
        >
          <h3>
            New visitors
          </h3>
          <p
            class="googlesitekit-audience-selection-panel__audience-creation-notice-audience-description"
          >
            People who visited the site for the first time
          </p>
        </div>
        <div
          class="googlesitekit-audience-selection-panel__audience-creation-notice-audience-button"
        >
          <button
            class="mdc-button googlesitekit-button-icon--spinner googlesitekit-button-icon--spinner__before mdc-button--raised"
            target="_self"
          >
            <span
              class="mdc-button__label"
            >
              Create
            </span>
          </button>
        </div>
      </div>
      <div
        class="googlesitekit-audience-selection-panel__audience-creation-notice-audience"
      >
        <div
          class="googlesitekit-audience-selection-panel__audience-creation-notice-audience-details"
        >
          <h3>
            Returning visitors
          </h3>
          <p
            class="googlesitekit-audience-selection-panel__audience-creation-notice-audience-description"
          >
            People who have visited your site at least once before
          </p>
        </div>
        <div
          class="googlesitekit-audience-selection-panel__audience-creation-notice-audience-button"
        >
          <button
            class="mdc-button googlesitekit-button-icon--spinner googlesitekit-button-icon--spinner__before mdc-button--raised"
            target="_self"
          >
            <span
              class="mdc-button__label"
            >
              Create
            </span>
          </button>
        </div>
      </div>
    </div>
  </div>
</div>
`;

exports[`AudienceCreationNotice should render the notice if the user has not dismissed the notice and there is 1 available audience 1`] = `
<div>
  <div
    class="googlesitekit-audience-selection-panel__audience-creation-notice"
  >
    <div
      class="googlesitekit-audience-selection-panel__audience-creation-notice-header"
    >
      <p
        class="googlesitekit-audience-selection-panel__audience-creation-notice-title"
      >
        Create groups suggested by Site Kit
      </p>
      <button
        class="googlesitekit-cta-link googlesitekit-audience-selection-panel__audience-creation-notice-close googlesitekit-cta-link--link-button"
      >
        <span
          class="googlesitekit-cta-link__contents"
        >
          <svg />
        </span>
      </button>
    </div>
    <div
      class="googlesitekit-audience-selection-panel__audience-creation-notice-body"
    >
      <div
        class="googlesitekit-audience-selection-panel__audience-creation-notice-audience"
      >
        <div
          class="googlesitekit-audience-selection-panel__audience-creation-notice-audience-details"
        >
          <h3>
            Returning visitors
          </h3>
          <p
            class="googlesitekit-audience-selection-panel__audience-creation-notice-audience-description"
          >
            People who have visited your site at least once before
          </p>
        </div>
        <div
          class="googlesitekit-audience-selection-panel__audience-creation-notice-audience-button"
        >
          <button
            class="mdc-button googlesitekit-button-icon--spinner googlesitekit-button-icon--spinner__before mdc-button--raised"
            target="_self"
          >
            <span
              class="mdc-button__label"
            >
              Create
            </span>
          </button>
        </div>
      </div>
    </div>
  </div>
</div>
`;
