// Jest Snapshot v1, https://goo.gl/fbAQLP

exports[`SettingsEnhancedMeasurementSwitch should not render the switch when enhanced measurement is already enabled for the web data stream 1`] = `
<div>
  <div
    class="googlesitekit-analytics-enable-enhanced-measurement"
  >
    <div
      class="googlesitekit-analytics-enable-enhanced-measurement__already-enabled-label"
    >
      <div
        class="googlesitekit-analytics-enable-enhanced-measurement__already-enabled-tick"
      >
        <svg />
      </div>
      Enhanced measurement is enabled for this web data stream
    </div>
    <p
      class="googlesitekit-module-settings-group__helper-text"
    >
      This allows you to measure interactions with your content (e.g. file downloads, form completions, video views). 
      <a
        aria-label="Learn more (opens in a new tab)"
        class="googlesitekit-cta-link"
        href="https://support.google.com/analytics/answer/9216061?hl=en-US"
        rel="noopener noreferrer"
        target="_blank"
      >
        <span
          class="googlesitekit-cta-link__contents"
        >
          Learn more
        </span>
        <span
          class="googlesitekit-icon-wrapper"
          style="margin-left: 5px;"
        >
          <svg />
        </span>
      </a>
    </p>
  </div>
</div>
`;

exports[`SettingsEnhancedMeasurementSwitch should render correctly, with the switch disabled when hasModuleAccess is false 1`] = `
<div>
  <div
    class="googlesitekit-analytics-enable-enhanced-measurement"
  >
    <div
      aria-checked="false"
      class="mdc-switch mdc-switch--disabled"
      role="switch"
      tabindex="0"
    >
      <div
        class="mdc-switch__track"
      >
         
      </div>
      <div
        class="mdc-switch__thumb-underlay"
      >
        <div
          class="mdc-switch__thumb"
        >
          <input
            class="mdc-switch__native-control"
            disabled=""
            id="googlesitekit-switch-7"
            readonly=""
            role="switch"
            type="checkbox"
          />
        </div>
      </div>
    </div>
    <label
      class=""
      for="googlesitekit-switch-7"
    >
      Enable enhanced measurement
    </label>
    <p
      class="googlesitekit-module-settings-group__helper-text"
    >
      This allows you to measure interactions with your content (e.g. file downloads, form completions, video views). 
      <a
        aria-label="Learn more (opens in a new tab)"
        class="googlesitekit-cta-link"
        href="https://support.google.com/analytics/answer/9216061?hl=en-US"
        rel="noopener noreferrer"
        target="_blank"
      >
        <span
          class="googlesitekit-cta-link__contents"
        >
          Learn more
        </span>
        <span
          class="googlesitekit-icon-wrapper"
          style="margin-left: 5px;"
        >
          <svg />
        </span>
      </a>
    </p>
  </div>
</div>
`;

exports[`SettingsEnhancedMeasurementSwitch should render correctly, with the switch in the loading state when enhanced measurement settings is loading 1`] = `
<div>
  <div
    class="googlesitekit-analytics-enable-enhanced-measurement googlesitekit-analytics-enable-enhanced-measurement--loading"
  >
    <div
      class="mdc-linear-progress googlesitekit-analytics-enable-enhanced-measurement__progress--settings-edit mdc-linear-progress--indeterminate mdc-linear-progress--small"
      role="progressbar"
    >
      <div
        class="mdc-linear-progress__buffering-dots"
      />
      <div
        class="mdc-linear-progress__buffer"
      />
      <div
        class="mdc-linear-progress__bar mdc-linear-progress__primary-bar"
      >
        <span
          class="mdc-linear-progress__bar-inner"
        />
      </div>
      <div
        class="mdc-linear-progress__bar mdc-linear-progress__secondary-bar"
      >
        <span
          class="mdc-linear-progress__bar-inner"
        />
      </div>
    </div>
    <p
      class="googlesitekit-module-settings-group__helper-text"
    >
      This allows you to measure interactions with your content (e.g. file downloads, form completions, video views). 
      <a
        aria-label="Learn more (opens in a new tab)"
        class="googlesitekit-cta-link"
        href="https://support.google.com/analytics/answer/9216061?hl=en-US"
        rel="noopener noreferrer"
        target="_blank"
      >
        <span
          class="googlesitekit-cta-link__contents"
        >
          Learn more
        </span>
        <span
          class="googlesitekit-icon-wrapper"
          style="margin-left: 5px;"
        >
          <svg />
        </span>
      </a>
    </p>
  </div>
</div>
`;

exports[`SettingsEnhancedMeasurementSwitch should render correctly, with the switch in the loading state when property summaries are loading 1`] = `
<div>
  <div
    class="googlesitekit-analytics-enable-enhanced-measurement googlesitekit-analytics-enable-enhanced-measurement--loading"
  >
    <div
      class="mdc-linear-progress googlesitekit-analytics-enable-enhanced-measurement__progress--settings-edit mdc-linear-progress--indeterminate mdc-linear-progress--small"
      role="progressbar"
    >
      <div
        class="mdc-linear-progress__buffering-dots"
      />
      <div
        class="mdc-linear-progress__buffer"
      />
      <div
        class="mdc-linear-progress__bar mdc-linear-progress__primary-bar"
      >
        <span
          class="mdc-linear-progress__bar-inner"
        />
      </div>
      <div
        class="mdc-linear-progress__bar mdc-linear-progress__secondary-bar"
      >
        <span
          class="mdc-linear-progress__bar-inner"
        />
      </div>
    </div>
    <p
      class="googlesitekit-module-settings-group__helper-text"
    >
      This allows you to measure interactions with your content (e.g. file downloads, form completions, video views). 
      <a
        aria-label="Learn more (opens in a new tab)"
        class="googlesitekit-cta-link"
        href="https://support.google.com/analytics/answer/9216061?hl=en-US"
        rel="noopener noreferrer"
        target="_blank"
      >
        <span
          class="googlesitekit-cta-link__contents"
        >
          Learn more
        </span>
        <span
          class="googlesitekit-icon-wrapper"
          style="margin-left: 5px;"
        >
          <svg />
        </span>
      </a>
    </p>
  </div>
</div>
`;

exports[`SettingsEnhancedMeasurementSwitch should render correctly, with the switch in the loading state when web data streams are loading 1`] = `
<div>
  <div
    class="googlesitekit-analytics-enable-enhanced-measurement googlesitekit-analytics-enable-enhanced-measurement--loading"
  >
    <div
      class="mdc-linear-progress googlesitekit-analytics-enable-enhanced-measurement__progress--settings-edit mdc-linear-progress--indeterminate mdc-linear-progress--small"
      role="progressbar"
    >
      <div
        class="mdc-linear-progress__buffering-dots"
      />
      <div
        class="mdc-linear-progress__buffer"
      />
      <div
        class="mdc-linear-progress__bar mdc-linear-progress__primary-bar"
      >
        <span
          class="mdc-linear-progress__bar-inner"
        />
      </div>
      <div
        class="mdc-linear-progress__bar mdc-linear-progress__secondary-bar"
      >
        <span
          class="mdc-linear-progress__bar-inner"
        />
      </div>
    </div>
    <p
      class="googlesitekit-module-settings-group__helper-text"
    >
      This allows you to measure interactions with your content (e.g. file downloads, form completions, video views). 
      <a
        aria-label="Learn more (opens in a new tab)"
        class="googlesitekit-cta-link"
        href="https://support.google.com/analytics/answer/9216061?hl=en-US"
        rel="noopener noreferrer"
        target="_blank"
      >
        <span
          class="googlesitekit-cta-link__contents"
        >
          Learn more
        </span>
        <span
          class="googlesitekit-icon-wrapper"
          style="margin-left: 5px;"
        >
          <svg />
        </span>
      </a>
    </p>
  </div>
</div>
`;

exports[`SettingsEnhancedMeasurementSwitch should render with the switch defaulting to the off position when enhanced measurement is disabled for the web data stream 1`] = `
<div>
  <div
    class="googlesitekit-analytics-enable-enhanced-measurement"
  >
    <div
      aria-checked="false"
      class="mdc-switch"
      role="switch"
      tabindex="0"
    >
      <div
        class="mdc-switch__track"
      >
         
      </div>
      <div
        class="mdc-switch__thumb-underlay"
      >
        <div
          class="mdc-switch__thumb"
        >
          <input
            class="mdc-switch__native-control"
            id="googlesitekit-switch-1"
            readonly=""
            role="switch"
            type="checkbox"
          />
        </div>
      </div>
    </div>
    <label
      class=""
      for="googlesitekit-switch-1"
    >
      Enable enhanced measurement
    </label>
    <p
      class="googlesitekit-module-settings-group__helper-text"
    >
      This allows you to measure interactions with your content (e.g. file downloads, form completions, video views). 
      <a
        aria-label="Learn more (opens in a new tab)"
        class="googlesitekit-cta-link"
        href="https://support.google.com/analytics/answer/9216061?hl=en-US"
        rel="noopener noreferrer"
        target="_blank"
      >
        <span
          class="googlesitekit-cta-link__contents"
        >
          Learn more
        </span>
        <span
          class="googlesitekit-icon-wrapper"
          style="margin-left: 5px;"
        >
          <svg />
        </span>
      </a>
    </p>
  </div>
</div>
`;

exports[`SettingsEnhancedMeasurementSwitch should render with the switch defaulting to the on position when enhanced measurement is enabled for the web data stream 1`] = `
<div>
  <div
    class="googlesitekit-analytics-enable-enhanced-measurement"
  >
    <div
      aria-checked="true"
      class="mdc-switch mdc-switch--checked"
      role="switch"
      tabindex="0"
    >
      <div
        class="mdc-switch__track"
      >
         
      </div>
      <div
        class="mdc-switch__thumb-underlay"
      >
        <div
          class="mdc-switch__thumb"
        >
          <input
            class="mdc-switch__native-control"
            id="googlesitekit-switch-0"
            readonly=""
            role="switch"
            type="checkbox"
          />
        </div>
      </div>
    </div>
    <label
      class=""
      for="googlesitekit-switch-0"
    >
      Enable enhanced measurement
    </label>
    <p
      class="googlesitekit-module-settings-group__helper-text"
    >
      This allows you to measure interactions with your content (e.g. file downloads, form completions, video views). 
      <a
        aria-label="Learn more (opens in a new tab)"
        class="googlesitekit-cta-link"
        href="https://support.google.com/analytics/answer/9216061?hl=en-US"
        rel="noopener noreferrer"
        target="_blank"
      >
        <span
          class="googlesitekit-cta-link__contents"
        >
          Learn more
        </span>
        <span
          class="googlesitekit-icon-wrapper"
          style="margin-left: 5px;"
        >
          <svg />
        </span>
      </a>
    </p>
  </div>
</div>
`;

exports[`SettingsEnhancedMeasurementSwitch when propertyID is property_create should render correctly, with the switch defaulting to the on position 1`] = `
<div>
  <div
    class="googlesitekit-analytics-enable-enhanced-measurement"
  >
    <div
      aria-checked="true"
      class="mdc-switch mdc-switch--checked"
      role="switch"
      tabindex="0"
    >
      <div
        class="mdc-switch__track"
      >
         
      </div>
      <div
        class="mdc-switch__thumb-underlay"
      >
        <div
          class="mdc-switch__thumb"
        >
          <input
            class="mdc-switch__native-control"
            id="googlesitekit-switch-2"
            readonly=""
            role="switch"
            type="checkbox"
          />
        </div>
      </div>
    </div>
    <label
      class=""
      for="googlesitekit-switch-2"
    >
      Enable enhanced measurement
    </label>
    <p
      class="googlesitekit-module-settings-group__helper-text"
    >
      This allows you to measure interactions with your content (e.g. file downloads, form completions, video views). 
      <a
        aria-label="Learn more (opens in a new tab)"
        class="googlesitekit-cta-link"
        href="https://support.google.com/analytics/answer/9216061?hl=en-US"
        rel="noopener noreferrer"
        target="_blank"
      >
        <span
          class="googlesitekit-cta-link__contents"
        >
          Learn more
        </span>
        <span
          class="googlesitekit-icon-wrapper"
          style="margin-left: 5px;"
        >
          <svg />
        </span>
      </a>
    </p>
  </div>
</div>
`;

exports[`SettingsEnhancedMeasurementSwitch when webDataStreamID is webdatastream_create should render correctly, with the switch defaulting to the on position 1`] = `
<div>
  <div
    class="googlesitekit-analytics-enable-enhanced-measurement"
  >
    <div
      aria-checked="true"
      class="mdc-switch mdc-switch--checked"
      role="switch"
      tabindex="0"
    >
      <div
        class="mdc-switch__track"
      >
         
      </div>
      <div
        class="mdc-switch__thumb-underlay"
      >
        <div
          class="mdc-switch__thumb"
        >
          <input
            class="mdc-switch__native-control"
            id="googlesitekit-switch-4"
            readonly=""
            role="switch"
            type="checkbox"
          />
        </div>
      </div>
    </div>
    <label
      class=""
      for="googlesitekit-switch-4"
    >
      Enable enhanced measurement
    </label>
    <p
      class="googlesitekit-module-settings-group__helper-text"
    >
      This allows you to measure interactions with your content (e.g. file downloads, form completions, video views). 
      <a
        aria-label="Learn more (opens in a new tab)"
        class="googlesitekit-cta-link"
        href="https://support.google.com/analytics/answer/9216061?hl=en-US"
        rel="noopener noreferrer"
        target="_blank"
      >
        <span
          class="googlesitekit-cta-link__contents"
        >
          Learn more
        </span>
        <span
          class="googlesitekit-icon-wrapper"
          style="margin-left: 5px;"
        >
          <svg />
        </span>
      </a>
    </p>
  </div>
</div>
`;
