// Jest Snapshot v1, https://goo.gl/fbAQLP

exports[`ProductIDSubscriptionsNotification should render correctly 1`] = `
<div>
  <section
    id="rrm-product-id-subscriptions-notification"
  >
    <div
      class="mdc-layout-grid"
    >
      <div
        class="mdc-layout-grid__inner"
      >
        <div
          class="mdc-layout-grid__cell mdc-layout-grid__cell--align-middle mdc-layout-grid__cell--span-12"
        >
          <div
            class="googlesitekit-notice googlesitekit-notice--warning"
          >
            <div
              class="googlesitekit-notice__icon"
            >
              <svg />
            </div>
            <div
              class="googlesitekit-notice__content"
            >
              <p
                class="googlesitekit-notice__description"
              >
                To complete your Reader Revenue Manager paywall setup, add your product IDs in settings
              </p>
            </div>
            <div
              class="googlesitekit-notice__action"
            >
              <button
                class="mdc-button mdc-button--tertiary"
                target="_self"
              >
                <span
                  class="mdc-button__label"
                >
                  Got it
                </span>
              </button>
              <a
                class="mdc-button googlesitekit-notice__cta googlesitekit-button-icon--spinner googlesitekit-button-icon--spinner__after mdc-button--raised"
                href="http://example.com/wp-admin/admin.php?page=googlesitekit-settings#connected-services/reader-revenue-manager/edit"
                role="button"
                target="_self"
              >
                <span
                  class="mdc-button__label"
                >
                  Edit settings
                </span>
              </a>
            </div>
          </div>
        </div>
      </div>
    </div>
  </section>
</div>
`;
