// Jest Snapshot v1, https://goo.gl/fbAQLP

exports[`SettingsGroup renders correctly 1`] = `
<div>
  <div
    class="googlesitekit-module-settings-group"
  >
    <h4>
      Test Title
    </h4>
    <div>
      Test Child 1
    </div>
    <div>
      Test Child 2
    </div>
  </div>
</div>
`;
