// Jest Snapshot v1, https://goo.gl/fbAQLP

exports[`SetupForm renders the form correctly 1`] = `
<div>
  <form
    class="googlesitekit-analytics-setup__form"
  >
    <p
      class="googlesitekit-margin-bottom-0"
    >
      Please select the account information below. You can change this later in your settings.
    </p>
    <div
      class="googlesitekit-setup-module__inputs"
    >
      <div
        class="mdc-select googlesitekit-analytics__select-account mdc-select--outlined"
      >
        <i
          class="mdc-select__dropdown-icon"
        />
        <input
          name="enhanced-select"
          type="hidden"
          value="987654321"
        />
        <div
          aria-disabled="false"
          class="mdc-select__selected-text"
          tabindex="0"
        >
          Example Com
        </div>
        <div
          class="mdc-notched-outline mdc-notched-outline--upgraded mdc-notched-outline--notched"
        >
          <div
            class="mdc-notched-outline__leading"
          />
          <div
            class="mdc-notched-outline__notch"
          >
            <label
              class="mdc-floating-label mdc-floating-label--float-above"
              for="googlesitekit-select-0"
              style=""
            >
              Account
            </label>
          </div>
          <div
            class="mdc-notched-outline__trailing"
          />
        </div>
      </div>
      <div
        class="mdc-select googlesitekit-analytics-4__select-property googlesitekit-analytics-4__select-property--loaded mdc-select--outlined"
      >
        <i
          class="mdc-select__dropdown-icon"
        />
        <input
          name="enhanced-select"
          type="hidden"
          value="1122334455"
        />
        <div
          aria-disabled="false"
          class="mdc-select__selected-text"
          tabindex="0"
        >
          Example Property (1122334455)
        </div>
        <div
          class="mdc-notched-outline mdc-notched-outline--upgraded mdc-notched-outline--notched"
        >
          <div
            class="mdc-notched-outline__leading"
          />
          <div
            class="mdc-notched-outline__notch"
          >
            <label
              class="mdc-floating-label mdc-floating-label--float-above"
              for="googlesitekit-select-1"
              style=""
            >
              Property
            </label>
          </div>
          <div
            class="mdc-notched-outline__trailing"
          />
        </div>
      </div>
      <div
        class="mdc-select googlesitekit-analytics-4__select-webdatastream mdc-select--outlined"
      >
        <i
          class="mdc-select__dropdown-icon"
        />
        <input
          name="enhanced-select"
          type="hidden"
          value="4000"
        />
        <div
          aria-disabled="false"
          class="mdc-select__selected-text"
          tabindex="0"
        >
          Main datastream (G-155BC2366E)
        </div>
        <div
          class="mdc-notched-outline mdc-notched-outline--upgraded mdc-notched-outline--notched"
        >
          <div
            class="mdc-notched-outline__leading"
          />
          <div
            class="mdc-notched-outline__notch"
          >
            <label
              class="mdc-floating-label mdc-floating-label--float-above"
              for="googlesitekit-select-2"
              style=""
            >
              Web Data Stream
            </label>
          </div>
          <div
            class="mdc-notched-outline__trailing"
          />
        </div>
      </div>
    </div>
    <div
      class="googlesitekit-analytics-enable-enhanced-measurement"
    >
      <div
        aria-checked="true"
        class="mdc-switch mdc-switch--checked"
        role="switch"
        tabindex="0"
      >
        <div
          class="mdc-switch__track"
        >
          Â 
        </div>
        <div
          class="mdc-switch__thumb-underlay"
        >
          <div
            class="mdc-switch__thumb"
          >
            <input
              checked=""
              class="mdc-switch__native-control"
              id="googlesitekit-switch-0"
              readonly=""
              role="switch"
              type="checkbox"
            />
          </div>
        </div>
      </div>
      <label
        class=""
        for="googlesitekit-switch-0"
      >
        Enable enhanced measurement
      </label>
      <p
        class="googlesitekit-module-settings-group__helper-text"
      >
        This allows you to measure interactions with your content (e.g. file downloads, form completions, video views). 
        <a
          aria-label="Learn more (opens in a new tab)"
          class="googlesitekit-cta-link"
          href="https://support.google.com/analytics/answer/9216061?hl=en-US"
          rel="noopener noreferrer"
          target="_blank"
        >
          <span
            class="googlesitekit-cta-link__contents"
          >
            Learn more
          </span>
          <span
            class="googlesitekit-icon-wrapper"
            style="margin-left: 5px;"
          >
            <svg />
          </span>
        </a>
      </p>
    </div>
    <div
      class="googlesitekit-setup-module__action"
    >
      <button
        class="mdc-button googlesitekit-button-icon--spinner googlesitekit-button-icon--spinner__after mdc-button--raised"
        disabled=""
        target="_self"
      >
        <span
          class="mdc-button__label"
        >
          Complete setup
        </span>
      </button>
    </div>
  </form>
</div>
`;
