// Jest Snapshot v1, https://goo.gl/fbAQLP

exports[`WidgetAreaRenderer should combine multiple widgets in RecoverableModules state with the same metadata into a single widget 1`] = `
<div
  class="googlesitekit-widget-area-widgets"
>
  <div
    class="mdc-layout-grid__inner"
  >
    <div
      class="mdc-layout-grid__cell mdc-layout-grid__cell--span-12"
    >
      <div
        class="googlesitekit-widget googlesitekit-widget--overridden"
      >
        <div
          class="googlesitekit-widget__body"
        >
          <div
            class="googlesitekit-cta"
          >
            
            <div
              class="googlesitekit-cta__body"
            >
              <h3
                class="googlesitekit-typography googlesitekit-cta__title googlesitekit-typography--title googlesitekit-typography--small"
              >
                Data Unavailable
              </h3>
              <p
                class="googlesitekit-cta__description"
              >
                Search Console data was previously shared by an admin who no longer has access. Please contact another admin to restore it.
              </p>
              
              
            </div>
          </div>
        </div>
      </div>
      <div
        class="googlesitekit-hidden"
      >
        <div
          class="googlesitekit-cta"
        >
          
          <div
            class="googlesitekit-cta__body"
          >
            <h3
              class="googlesitekit-typography googlesitekit-cta__title googlesitekit-typography--title googlesitekit-typography--small"
            >
              Data Unavailable
            </h3>
            <p
              class="googlesitekit-cta__description"
            >
              Search Console data was previously shared by an admin who no longer has access. Please contact another admin to restore it.
            </p>
            
            
          </div>
        </div>
      </div>
    </div>
    <div
      class="googlesitekit-hidden"
    >
      <div
        class="googlesitekit-widget googlesitekit-widget--two"
      >
        <div
          class="googlesitekit-widget__body"
        >
          <div
            class="googlesitekit-cta"
          >
            
            <div
              class="googlesitekit-cta__body"
            >
              <h3
                class="googlesitekit-typography googlesitekit-cta__title googlesitekit-typography--title googlesitekit-typography--small"
              >
                Data Unavailable
              </h3>
              <p
                class="googlesitekit-cta__description"
              >
                Search Console data was previously shared by an admin who no longer has access. Please contact another admin to restore it.
              </p>
              
              
            </div>
          </div>
        </div>
      </div>
    </div>
  </div>
</div>
`;

exports[`WidgetAreaRenderer should not resize widgets in a row that is smaller than 9 columns (3, 12, 3-3) 1`] = `
<div
  class="googlesitekit-widget-area-widgets"
>
  <div
    class="mdc-layout-grid__inner"
  >
    <div
      class="mdc-layout-grid__cell mdc-layout-grid__cell--span-3-desktop mdc-layout-grid__cell--span-4-tablet mdc-layout-grid__cell--span-2-phone"
    >
      <div
        class="googlesitekit-widget googlesitekit-widget--one"
      >
        <div
          class="googlesitekit-widget__body"
        >
          <div>
            Foo bar! Connected: 
             yes
            .
          </div>
        </div>
      </div>
    </div>
    <div
      class="mdc-layout-grid__cell mdc-layout-grid__cell--span-12"
    >
      <div
        class="googlesitekit-widget googlesitekit-widget--two"
      >
        <div
          class="googlesitekit-widget__body"
        >
          <div>
            Foo bar! Connected: 
             yes
            .
          </div>
        </div>
      </div>
    </div>
    <div
      class="mdc-layout-grid__cell mdc-layout-grid__cell--span-3-desktop mdc-layout-grid__cell--span-4-tablet mdc-layout-grid__cell--span-2-phone"
    >
      <div
        class="googlesitekit-widget googlesitekit-widget--three"
      >
        <div
          class="googlesitekit-widget__body"
        >
          <div>
            Foo bar! Connected: 
             yes
            .
          </div>
        </div>
      </div>
    </div>
    <div
      class="mdc-layout-grid__cell mdc-layout-grid__cell--span-3-desktop mdc-layout-grid__cell--span-4-tablet mdc-layout-grid__cell--span-2-phone"
    >
      <div
        class="googlesitekit-widget googlesitekit-widget--four"
      >
        <div
          class="googlesitekit-widget__body"
        >
          <div>
            Foo bar! Connected: 
             yes
            .
          </div>
        </div>
      </div>
    </div>
  </div>
</div>
`;

exports[`WidgetAreaRenderer should not resize widgets in a row that is smaller than 9 columns (3-3) 1`] = `
<div
  class="googlesitekit-widget-area-widgets"
>
  <div
    class="mdc-layout-grid__inner"
  >
    <div
      class="mdc-layout-grid__cell mdc-layout-grid__cell--span-3-desktop mdc-layout-grid__cell--span-4-tablet mdc-layout-grid__cell--span-2-phone"
    >
      <div
        class="googlesitekit-widget googlesitekit-widget--one"
      >
        <div
          class="googlesitekit-widget__body"
        >
          <div>
            Foo bar! Connected: 
             yes
            .
          </div>
        </div>
      </div>
    </div>
    <div
      class="mdc-layout-grid__cell mdc-layout-grid__cell--span-3-desktop mdc-layout-grid__cell--span-4-tablet mdc-layout-grid__cell--span-2-phone"
    >
      <div
        class="googlesitekit-widget googlesitekit-widget--two"
      >
        <div
          class="googlesitekit-widget__body"
        >
          <div>
            Foo bar! Connected: 
             yes
            .
          </div>
        </div>
      </div>
    </div>
  </div>
</div>
`;

exports[`WidgetAreaRenderer should not resize widgets in a row that is smaller than 9 columns (6) 1`] = `
<div
  class="googlesitekit-widget-area-widgets"
>
  <div
    class="mdc-layout-grid__inner"
  >
    <div
      class="mdc-layout-grid__cell mdc-layout-grid__cell--span-6-desktop mdc-layout-grid__cell--span-8-tablet"
    >
      <div
        class="googlesitekit-widget googlesitekit-widget--one"
      >
        <div
          class="googlesitekit-widget__body"
        >
          <div>
            Foo bar! Connected: 
             yes
            .
          </div>
        </div>
      </div>
    </div>
  </div>
</div>
`;

exports[`WidgetAreaRenderer should not resize widgets that fit into a 12-column grid (3-3-3-3) 1`] = `
<div
  class="googlesitekit-widget-area-widgets"
>
  <div
    class="mdc-layout-grid__inner"
  >
    <div
      class="mdc-layout-grid__cell mdc-layout-grid__cell--span-3-desktop mdc-layout-grid__cell--span-4-tablet mdc-layout-grid__cell--span-2-phone"
    >
      <div
        class="googlesitekit-widget googlesitekit-widget--one"
      >
        <div
          class="googlesitekit-widget__body"
        >
          <div>
            Foo bar! Connected: 
             yes
            .
          </div>
        </div>
      </div>
    </div>
    <div
      class="mdc-layout-grid__cell mdc-layout-grid__cell--span-3-desktop mdc-layout-grid__cell--span-4-tablet mdc-layout-grid__cell--span-2-phone"
    >
      <div
        class="googlesitekit-widget googlesitekit-widget--two"
      >
        <div
          class="googlesitekit-widget__body"
        >
          <div>
            Foo bar! Connected: 
             yes
            .
          </div>
        </div>
      </div>
    </div>
    <div
      class="mdc-layout-grid__cell mdc-layout-grid__cell--span-3-desktop mdc-layout-grid__cell--span-4-tablet mdc-layout-grid__cell--span-2-phone"
    >
      <div
        class="googlesitekit-widget googlesitekit-widget--three"
      >
        <div
          class="googlesitekit-widget__body"
        >
          <div>
            Foo bar! Connected: 
             yes
            .
          </div>
        </div>
      </div>
    </div>
    <div
      class="mdc-layout-grid__cell mdc-layout-grid__cell--span-3-desktop mdc-layout-grid__cell--span-4-tablet mdc-layout-grid__cell--span-2-phone"
    >
      <div
        class="googlesitekit-widget googlesitekit-widget--four"
      >
        <div
          class="googlesitekit-widget__body"
        >
          <div>
            Foo bar! Connected: 
             yes
            .
          </div>
        </div>
      </div>
    </div>
  </div>
</div>
`;

exports[`WidgetAreaRenderer should not resize widgets that fit into a 12-column grid (3-3-6) 1`] = `
<div
  class="googlesitekit-widget-area-widgets"
>
  <div
    class="mdc-layout-grid__inner"
  >
    <div
      class="mdc-layout-grid__cell mdc-layout-grid__cell--span-3-desktop mdc-layout-grid__cell--span-4-tablet mdc-layout-grid__cell--span-2-phone"
    >
      <div
        class="googlesitekit-widget googlesitekit-widget--one"
      >
        <div
          class="googlesitekit-widget__body"
        >
          <div>
            Foo bar! Connected: 
             yes
            .
          </div>
        </div>
      </div>
    </div>
    <div
      class="mdc-layout-grid__cell mdc-layout-grid__cell--span-3-desktop mdc-layout-grid__cell--span-4-tablet mdc-layout-grid__cell--span-2-phone"
    >
      <div
        class="googlesitekit-widget googlesitekit-widget--two"
      >
        <div
          class="googlesitekit-widget__body"
        >
          <div>
            Foo bar! Connected: 
             yes
            .
          </div>
        </div>
      </div>
    </div>
    <div
      class="mdc-layout-grid__cell mdc-layout-grid__cell--span-6-desktop mdc-layout-grid__cell--span-8-tablet"
    >
      <div
        class="googlesitekit-widget googlesitekit-widget--three"
      >
        <div
          class="googlesitekit-widget__body"
        >
          <div>
            Foo bar! Connected: 
             yes
            .
          </div>
        </div>
      </div>
    </div>
  </div>
</div>
`;

exports[`WidgetAreaRenderer should not resize widgets that fit into a 12-column grid (3-6-3) 1`] = `
<div
  class="googlesitekit-widget-area-widgets"
>
  <div
    class="mdc-layout-grid__inner"
  >
    <div
      class="mdc-layout-grid__cell mdc-layout-grid__cell--span-3-desktop mdc-layout-grid__cell--span-4-tablet mdc-layout-grid__cell--span-2-phone"
    >
      <div
        class="googlesitekit-widget googlesitekit-widget--one"
      >
        <div
          class="googlesitekit-widget__body"
        >
          <div>
            Foo bar! Connected: 
             yes
            .
          </div>
        </div>
      </div>
    </div>
    <div
      class="mdc-layout-grid__cell mdc-layout-grid__cell--span-6-desktop mdc-layout-grid__cell--span-8-tablet"
    >
      <div
        class="googlesitekit-widget googlesitekit-widget--two"
      >
        <div
          class="googlesitekit-widget__body"
        >
          <div>
            Foo bar! Connected: 
             yes
            .
          </div>
        </div>
      </div>
    </div>
    <div
      class="mdc-layout-grid__cell mdc-layout-grid__cell--span-3-desktop mdc-layout-grid__cell--span-4-tablet mdc-layout-grid__cell--span-2-phone"
    >
      <div
        class="googlesitekit-widget googlesitekit-widget--three"
      >
        <div
          class="googlesitekit-widget__body"
        >
          <div>
            Foo bar! Connected: 
             yes
            .
          </div>
        </div>
      </div>
    </div>
  </div>
</div>
`;

exports[`WidgetAreaRenderer should not resize widgets that fit into a 12-column grid (6-6) 1`] = `
<div
  class="googlesitekit-widget-area-widgets"
>
  <div
    class="mdc-layout-grid__inner"
  >
    <div
      class="mdc-layout-grid__cell mdc-layout-grid__cell--span-6-desktop mdc-layout-grid__cell--span-8-tablet"
    >
      <div
        class="googlesitekit-widget googlesitekit-widget--one"
      >
        <div
          class="googlesitekit-widget__body"
        >
          <div>
            Foo bar! Connected: 
             yes
            .
          </div>
        </div>
      </div>
    </div>
    <div
      class="mdc-layout-grid__cell mdc-layout-grid__cell--span-6-desktop mdc-layout-grid__cell--span-8-tablet"
    >
      <div
        class="googlesitekit-widget googlesitekit-widget--two"
      >
        <div
          class="googlesitekit-widget__body"
        >
          <div>
            Foo bar! Connected: 
             yes
            .
          </div>
        </div>
      </div>
    </div>
  </div>
</div>
`;

exports[`WidgetAreaRenderer should render a hidden widget area when it has no active widget 1`] = `
NodeList [
  <div
    class="mdc-layout-grid googlesitekit-hidden googlesitekit-widget-area googlesitekit-widget-area--gridcell-test googlesitekit-widget-area--boxes"
  >
    <div
      class="googlesitekit-hidden"
    >
      <div
        class="googlesitekit-widget googlesitekit-widget--empty"
      >
        <div
          class="googlesitekit-widget__body"
        />
      </div>
    </div>
  </div>,
]
`;

exports[`WidgetAreaRenderer should resize widgets in a row that spans 9 columns to fill the full 12 columns (3, 12, 3-6, 6 -> 3, 12, 4-8, 6) 1`] = `
<div
  class="googlesitekit-widget-area-widgets"
>
  <div
    class="mdc-layout-grid__inner"
  >
    <div
      class="mdc-layout-grid__cell mdc-layout-grid__cell--span-3-desktop mdc-layout-grid__cell--span-4-tablet mdc-layout-grid__cell--span-2-phone"
    >
      <div
        class="googlesitekit-widget googlesitekit-widget--one"
      >
        <div
          class="googlesitekit-widget__body"
        >
          <div>
            Foo bar! Connected: 
             yes
            .
          </div>
        </div>
      </div>
    </div>
    <div
      class="mdc-layout-grid__cell mdc-layout-grid__cell--span-12"
    >
      <div
        class="googlesitekit-widget googlesitekit-widget--two"
      >
        <div
          class="googlesitekit-widget__body"
        >
          <div>
            Foo bar! Connected: 
             yes
            .
          </div>
        </div>
      </div>
    </div>
    <div
      class="mdc-layout-grid__cell mdc-layout-grid__cell--span-4-desktop mdc-layout-grid__cell--span-4-tablet mdc-layout-grid__cell--span-2-phone"
    >
      <div
        class="googlesitekit-widget googlesitekit-widget--three"
      >
        <div
          class="googlesitekit-widget__body"
        >
          <div>
            Foo bar! Connected: 
             yes
            .
          </div>
        </div>
      </div>
    </div>
    <div
      class="mdc-layout-grid__cell mdc-layout-grid__cell--span-8"
    >
      <div
        class="googlesitekit-widget googlesitekit-widget--four"
      >
        <div
          class="googlesitekit-widget__body"
        >
          <div>
            Foo bar! Connected: 
             yes
            .
          </div>
        </div>
      </div>
    </div>
    <div
      class="mdc-layout-grid__cell mdc-layout-grid__cell--span-6-desktop mdc-layout-grid__cell--span-8-tablet"
    >
      <div
        class="googlesitekit-widget googlesitekit-widget--five"
      >
        <div
          class="googlesitekit-widget__body"
        >
          <div>
            Foo bar! Connected: 
             yes
            .
          </div>
        </div>
      </div>
    </div>
  </div>
</div>
`;

exports[`WidgetAreaRenderer should resize widgets in a row that spans 9 columns to fill the full 12 columns (3-3-3, 6 -> 4-4-4, 6) 1`] = `
<div
  class="googlesitekit-widget-area-widgets"
>
  <div
    class="mdc-layout-grid__inner"
  >
    <div
      class="mdc-layout-grid__cell mdc-layout-grid__cell--span-4-desktop mdc-layout-grid__cell--span-4-tablet mdc-layout-grid__cell--span-2-phone"
    >
      <div
        class="googlesitekit-widget googlesitekit-widget--one"
      >
        <div
          class="googlesitekit-widget__body"
        >
          <div>
            Foo bar! Connected: 
             yes
            .
          </div>
        </div>
      </div>
    </div>
    <div
      class="mdc-layout-grid__cell mdc-layout-grid__cell--span-4-desktop mdc-layout-grid__cell--span-4-tablet mdc-layout-grid__cell--span-2-phone"
    >
      <div
        class="googlesitekit-widget googlesitekit-widget--two"
      >
        <div
          class="googlesitekit-widget__body"
        >
          <div>
            Foo bar! Connected: 
             yes
            .
          </div>
        </div>
      </div>
    </div>
    <div
      class="mdc-layout-grid__cell mdc-layout-grid__cell--span-4-desktop mdc-layout-grid__cell--span-4-tablet mdc-layout-grid__cell--span-2-phone"
    >
      <div
        class="googlesitekit-widget googlesitekit-widget--three"
      >
        <div
          class="googlesitekit-widget__body"
        >
          <div>
            Foo bar! Connected: 
             yes
            .
          </div>
        </div>
      </div>
    </div>
    <div
      class="mdc-layout-grid__cell mdc-layout-grid__cell--span-6-desktop mdc-layout-grid__cell--span-8-tablet"
    >
      <div
        class="googlesitekit-widget googlesitekit-widget--four"
      >
        <div
          class="googlesitekit-widget__body"
        >
          <div>
            Foo bar! Connected: 
             yes
            .
          </div>
        </div>
      </div>
    </div>
  </div>
</div>
`;

exports[`WidgetAreaRenderer should resize widgets in a row that spans 9 columns to fill the full 12 columns (3-3-3, 12 -> 4-4-4, 12) 1`] = `
<div
  class="googlesitekit-widget-area-widgets"
>
  <div
    class="mdc-layout-grid__inner"
  >
    <div
      class="mdc-layout-grid__cell mdc-layout-grid__cell--span-4-desktop mdc-layout-grid__cell--span-4-tablet mdc-layout-grid__cell--span-2-phone"
    >
      <div
        class="googlesitekit-widget googlesitekit-widget--one"
      >
        <div
          class="googlesitekit-widget__body"
        >
          <div>
            Foo bar! Connected: 
             yes
            .
          </div>
        </div>
      </div>
    </div>
    <div
      class="mdc-layout-grid__cell mdc-layout-grid__cell--span-4-desktop mdc-layout-grid__cell--span-4-tablet mdc-layout-grid__cell--span-2-phone"
    >
      <div
        class="googlesitekit-widget googlesitekit-widget--two"
      >
        <div
          class="googlesitekit-widget__body"
        >
          <div>
            Foo bar! Connected: 
             yes
            .
          </div>
        </div>
      </div>
    </div>
    <div
      class="mdc-layout-grid__cell mdc-layout-grid__cell--span-4-desktop mdc-layout-grid__cell--span-4-tablet mdc-layout-grid__cell--span-2-phone"
    >
      <div
        class="googlesitekit-widget googlesitekit-widget--three"
      >
        <div
          class="googlesitekit-widget__body"
        >
          <div>
            Foo bar! Connected: 
             yes
            .
          </div>
        </div>
      </div>
    </div>
    <div
      class="mdc-layout-grid__cell mdc-layout-grid__cell--span-12"
    >
      <div
        class="googlesitekit-widget googlesitekit-widget--four"
      >
        <div
          class="googlesitekit-widget__body"
        >
          <div>
            Foo bar! Connected: 
             yes
            .
          </div>
        </div>
      </div>
    </div>
  </div>
</div>
`;

exports[`WidgetAreaRenderer should resize widgets in a row that spans 9 columns to fill the full 12 columns (3-3-3, 12, 3-3-3 -> 4-4-4, 12, 4-4-4) 1`] = `
<div
  class="googlesitekit-widget-area-widgets"
>
  <div
    class="mdc-layout-grid__inner"
  >
    <div
      class="mdc-layout-grid__cell mdc-layout-grid__cell--span-4-desktop mdc-layout-grid__cell--span-4-tablet mdc-layout-grid__cell--span-2-phone"
    >
      <div
        class="googlesitekit-widget googlesitekit-widget--one"
      >
        <div
          class="googlesitekit-widget__body"
        >
          <div>
            Foo bar! Connected: 
             yes
            .
          </div>
        </div>
      </div>
    </div>
    <div
      class="mdc-layout-grid__cell mdc-layout-grid__cell--span-4-desktop mdc-layout-grid__cell--span-4-tablet mdc-layout-grid__cell--span-2-phone"
    >
      <div
        class="googlesitekit-widget googlesitekit-widget--two"
      >
        <div
          class="googlesitekit-widget__body"
        >
          <div>
            Foo bar! Connected: 
             yes
            .
          </div>
        </div>
      </div>
    </div>
    <div
      class="mdc-layout-grid__cell mdc-layout-grid__cell--span-4-desktop mdc-layout-grid__cell--span-4-tablet mdc-layout-grid__cell--span-2-phone"
    >
      <div
        class="googlesitekit-widget googlesitekit-widget--three"
      >
        <div
          class="googlesitekit-widget__body"
        >
          <div>
            Foo bar! Connected: 
             yes
            .
          </div>
        </div>
      </div>
    </div>
    <div
      class="mdc-layout-grid__cell mdc-layout-grid__cell--span-12"
    >
      <div
        class="googlesitekit-widget googlesitekit-widget--four"
      >
        <div
          class="googlesitekit-widget__body"
        >
          <div>
            Foo bar! Connected: 
             yes
            .
          </div>
        </div>
      </div>
    </div>
    <div
      class="mdc-layout-grid__cell mdc-layout-grid__cell--span-4-desktop mdc-layout-grid__cell--span-4-tablet mdc-layout-grid__cell--span-2-phone"
    >
      <div
        class="googlesitekit-widget googlesitekit-widget--five"
      >
        <div
          class="googlesitekit-widget__body"
        >
          <div>
            Foo bar! Connected: 
             yes
            .
          </div>
        </div>
      </div>
    </div>
    <div
      class="mdc-layout-grid__cell mdc-layout-grid__cell--span-4-desktop mdc-layout-grid__cell--span-4-tablet mdc-layout-grid__cell--span-2-phone"
    >
      <div
        class="googlesitekit-widget googlesitekit-widget--six"
      >
        <div
          class="googlesitekit-widget__body"
        >
          <div>
            Foo bar! Connected: 
             yes
            .
          </div>
        </div>
      </div>
    </div>
    <div
      class="mdc-layout-grid__cell mdc-layout-grid__cell--span-4-desktop mdc-layout-grid__cell--span-4-tablet mdc-layout-grid__cell--span-2-phone"
    >
      <div
        class="googlesitekit-widget googlesitekit-widget--seven"
      >
        <div
          class="googlesitekit-widget__body"
        >
          <div>
            Foo bar! Connected: 
             yes
            .
          </div>
        </div>
      </div>
    </div>
  </div>
</div>
`;

exports[`WidgetAreaRenderer should resize widgets in a row that spans 9 columns to fill the full 12 columns (12, 3-6 -> 12, 4-8) 1`] = `
<div
  class="googlesitekit-widget-area-widgets"
>
  <div
    class="mdc-layout-grid__inner"
  >
    <div
      class="mdc-layout-grid__cell mdc-layout-grid__cell--span-12"
    >
      <div
        class="googlesitekit-widget googlesitekit-widget--one"
      >
        <div
          class="googlesitekit-widget__body"
        >
          <div>
            Foo bar! Connected: 
             yes
            .
          </div>
        </div>
      </div>
    </div>
    <div
      class="mdc-layout-grid__cell mdc-layout-grid__cell--span-4-desktop mdc-layout-grid__cell--span-4-tablet mdc-layout-grid__cell--span-2-phone"
    >
      <div
        class="googlesitekit-widget googlesitekit-widget--two"
      >
        <div
          class="googlesitekit-widget__body"
        >
          <div>
            Foo bar! Connected: 
             yes
            .
          </div>
        </div>
      </div>
    </div>
    <div
      class="mdc-layout-grid__cell mdc-layout-grid__cell--span-8"
    >
      <div
        class="googlesitekit-widget googlesitekit-widget--three"
      >
        <div
          class="googlesitekit-widget__body"
        >
          <div>
            Foo bar! Connected: 
             yes
            .
          </div>
        </div>
      </div>
    </div>
  </div>
</div>
`;

exports[`WidgetAreaRenderer should treat widgets that render no content as zero-width (ignoring them) 1`] = `
<div
  class="googlesitekit-widget-area-widgets"
>
  <div
    class="mdc-layout-grid__inner"
  >
    <div
      class="mdc-layout-grid__cell mdc-layout-grid__cell--span-3-desktop mdc-layout-grid__cell--span-4-tablet mdc-layout-grid__cell--span-2-phone"
    >
      <div
        class="googlesitekit-widget googlesitekit-widget--one"
      >
        <div
          class="googlesitekit-widget__body"
        >
          <div>
            Foo bar! Connected: 
             yes
            .
          </div>
        </div>
      </div>
    </div>
    <div
      class="googlesitekit-hidden"
    >
      <div
        class="googlesitekit-widget googlesitekit-widget--empty"
      >
        <div
          class="googlesitekit-widget__body"
        />
      </div>
    </div>
    <div
      class="mdc-layout-grid__cell mdc-layout-grid__cell--span-3-desktop mdc-layout-grid__cell--span-4-tablet mdc-layout-grid__cell--span-2-phone"
    >
      <div
        class="googlesitekit-widget googlesitekit-widget--three"
      >
        <div
          class="googlesitekit-widget__body"
        >
          <div>
            Foo bar! Connected: 
             yes
            .
          </div>
        </div>
      </div>
    </div>
  </div>
</div>
`;
