// Vitest Snapshot v1, https://vitest.dev/guide/snapshot.html

exports[`WPDashboardReportError > should only render one error per module when there are multiple instances with same error 1`] = `
<div>
  <div>
    <div
      class="googlesitekit-cta googlesitekit-cta--error"
    >
      
      <div
        class="googlesitekit-cta__body"
      >
        <h3
          class="googlesitekit-typography googlesitekit-cta__title googlesitekit-typography--title googlesitekit-typography--small"
        >
          Data error in Search Console
        </h3>
        <div
          class="googlesitekit-cta__description"
        >
          <div
            class="googlesitekit-notice googlesitekit-notice--error"
          >
            <div
              class="googlesitekit-notice__icon"
            >
              <svg />
            </div>
            <div
              class="googlesitekit-notice__content"
            >
              <p
                class="googlesitekit-notice__description"
              >
                <span>
                  Error: Test error message (Please try again.)
                </span>
              </p>
            </div>
          </div>
        </div>
        
        
        <div
          class="googlesitekit-report-error-actions"
        >
          <div>
            <a
              aria-label="Get help (opens in a new tab)"
              class="googlesitekit-cta-link"
              href="undefined?error_id=test_error"
              rel="noopener noreferrer"
              target="_blank"
            >
              <span
                class="googlesitekit-cta-link__contents"
              >
                Get help
              </span>
            </a>
          </div>
        </div>
      </div>
    </div>
    <div
      class="googlesitekit-cta googlesitekit-cta--error"
    >
      
      <div
        class="googlesitekit-cta__body"
      >
        <h3
          class="googlesitekit-typography googlesitekit-cta__title googlesitekit-typography--title googlesitekit-typography--small"
        >
          Data error in Analytics
        </h3>
        <div
          class="googlesitekit-cta__description"
        >
          <div
            class="googlesitekit-notice googlesitekit-notice--error"
          >
            <div
              class="googlesitekit-notice__icon"
            >
              <svg />
            </div>
            <div
              class="googlesitekit-notice__content"
            >
              <p
                class="googlesitekit-notice__description"
              >
                <span>
                  Error: Test error message (Please try again.)
                </span>
              </p>
            </div>
          </div>
        </div>
        
        
        <div
          class="googlesitekit-report-error-actions"
        >
          <div>
            <a
              aria-label="Get help (opens in a new tab)"
              class="googlesitekit-cta-link"
              href="undefined?error_id=test_error"
              rel="noopener noreferrer"
              target="_blank"
            >
              <span
                class="googlesitekit-cta-link__contents"
              >
                Get help
              </span>
            </a>
          </div>
        </div>
      </div>
    </div>
  </div>
</div>
`;
